16:45:14 **** Incremental Build of configuration Debug for project Led_matrix_test ****
make all 
make --no-print-directory pre-build
a9-linaro-pre-build-step
' '
make --no-print-directory main-build
'Building file: ../src/helloworld.c'
'Invoking: ARM v7 gcc compiler'
arm-none-eabi-gcc -Wall -O0 -g3 -c -fmessage-length=0 -MT"src/helloworld.o" -mcpu=cortex-a9 -mfpu=vfpv3 -mfloat-abi=hard -IC:/Xilinx/EOS/Project_flappy_screem/Vitis/Neopixel_matrix_test/export/Neopixel_matrix_test/sw/Neopixel_matrix_test/standalone_ps7_cortexa9_0/bspinclude/include -MMD -MP -MF"src/helloworld.d" -MT"src/helloworld.o" -o "src/helloworld.o" "../src/helloworld.c"
In file included from ../src/helloworld.c:50:
../src/helloworld.c: In function 'main':
C:/Xilinx/EOS/Project_flappy_screem/Vitis/Neopixel_matrix_test/export/Neopixel_matrix_test/sw/Neopixel_matrix_test/standalone_ps7_cortexa9_0/bspinclude/include/xparameters.h:60:45: warning: conversion from 'unsigned int' to 'u16' {aka 'short unsigned int'} changes value from '1073741824' to '0' [-Woverflow]
   60 | #define XPAR_AXI_BRAM_CTRL_0_S_AXI_BASEADDR 0x40000000U
      |                                             ^~~~~~~~~~~
../src/helloworld.c:58:24: note: in expansion of macro 'XPAR_AXI_BRAM_CTRL_0_S_AXI_BASEADDR'
   58 | #define BRAM_DEVICE_ID XPAR_AXI_BRAM_CTRL_0_S_AXI_BASEADDR
      |                        ^~~~~~~~~~~~~~~~~~~~~~~~~~~~~~~~~~~
../src/helloworld.c:66:23: note: in expansion of macro 'BRAM_DEVICE_ID'
   66 |  Status = BramExample(BRAM_DEVICE_ID);
      |                       ^~~~~~~~~~~~~~
'Finished building: ../src/helloworld.c'
' '
'Building target: Led_matrix_test.elf'
'Invoking: ARM v7 gcc linker'
arm-none-eabi-gcc -mcpu=cortex-a9 -mfpu=vfpv3 -mfloat-abi=hard -Wl,-build-id=none -specs=Xilinx.spec -Wl,-T -Wl,../src/lscript.ld -LC:/Xilinx/EOS/Project_flappy_screem/Vitis/Neopixel_matrix_test/export/Neopixel_matrix_test/sw/Neopixel_matrix_test/standalone_ps7_cortexa9_0/bsplib/lib -o "Led_matrix_test.elf"  ./src/helloworld.o ./src/platform.o   -Wl,--start-group,-lxil,-lgcc,-lc,--end-group
'Finished building target: Led_matrix_test.elf'
' '
'Invoking: ARM v7 Print Size'
arm-none-eabi-size Led_matrix_test.elf  |tee "Led_matrix_test.elf.size"
   text	   data	    bss	    dec	    hex	filename
  29460	   1216	  22664	  53340	   d05c	Led_matrix_test.elf
'Finished building: Led_matrix_test.elf.size'
' '

16:45:15 Build Finished (took 884ms)

