11:44:49 **** Build of configuration Debug for project Led_Matrix_V5 ****
make all 
make --no-print-directory pre-build
a9-linaro-pre-build-step
' '
make --no-print-directory main-build
'Building file: ../src/helloworld.c'
'Invoking: ARM v7 gcc compiler'
arm-none-eabi-gcc -Wall -O0 -g3 -c -fmessage-length=0 -MT"src/helloworld.o" -mcpu=cortex-a9 -mfpu=vfpv3 -mfloat-abi=hard -IC:/Xilinx/EOS/Project_flappy_screem/Vitis/NeopixelV5/export/NeopixelV5/sw/NeopixelV5/standalone_domain/bspinclude/include -MMD -MP -MF"src/helloworld.d" -MT"src/helloworld.o" -o "src/helloworld.o" "../src/helloworld.c"
../src/helloworld.c: In function 'main':
../src/helloworld.c:85:6: warning: implicit declaration of function 'sleep_A9' [-Wimplicit-function-declaration]
   85 |      sleep_A9(1);
      |      ^~~~~~~~
../src/helloworld.c:86:19: warning: format '%d' expects argument of type 'int', but argument 3 has type 'u32' {aka 'long unsigned int'} [-Wformat=]
   86 |      printf("%d\t%d\n", tmp, NEOPIXELDRIVER_mReadReg(NeoPixel_BASEADR, NeoPixel_reg1));
      |                  ~^
      |                   |
      |                   int
      |                  %ld
../src/helloworld.c:65:9: warning: unused variable 'Status' [-Wunused-variable]
   65 |     int Status;
      |         ^~~~~~
'Finished building: ../src/helloworld.c'
' '
'Building file: ../src/platform.c'
'Invoking: ARM v7 gcc compiler'
arm-none-eabi-gcc -Wall -O0 -g3 -c -fmessage-length=0 -MT"src/platform.o" -mcpu=cortex-a9 -mfpu=vfpv3 -mfloat-abi=hard -IC:/Xilinx/EOS/Project_flappy_screem/Vitis/NeopixelV5/export/NeopixelV5/sw/NeopixelV5/standalone_domain/bspinclude/include -MMD -MP -MF"src/platform.d" -MT"src/platform.o" -o "src/platform.o" "../src/platform.c"
'Finished building: ../src/platform.c'
' '
'Building target: Led_Matrix_V5.elf'
'Invoking: ARM v7 gcc linker'
arm-none-eabi-gcc -mcpu=cortex-a9 -mfpu=vfpv3 -mfloat-abi=hard -Wl,-build-id=none -specs=Xilinx.spec -Wl,-T -Wl,../src/lscript.ld -LC:/Xilinx/EOS/Project_flappy_screem/Vitis/NeopixelV5/export/NeopixelV5/sw/NeopixelV5/standalone_domain/bsplib/lib -o "Led_Matrix_V5.elf"  ./src/helloworld.o ./src/platform.o   -Wl,--start-group,-lxil,-lgcc,-lc,--end-group
'Finished building target: Led_Matrix_V5.elf'
' '
'Invoking: ARM v7 Print Size'
arm-none-eabi-size Led_Matrix_V5.elf  |tee "Led_Matrix_V5.elf.size"
   text	   data	    bss	    dec	    hex	filename
  50935	   2548	  22704	  76187	  1299b	Led_Matrix_V5.elf
'Finished building: Led_Matrix_V5.elf.size'
' '

11:44:50 Build Finished (took 1s.87ms)

