15:54:29 **** Incremental Build of configuration Debug for project Led_matrix_V10_cpp ****
make all 
make --no-print-directory pre-build
a9-linaro-pre-build-step
' '
make --no-print-directory main-build
'Building file: ../src/main.c'
'Invoking: ARM v7 g++ compiler'
arm-none-eabi-g++ -Wall -O0 -g3 -c -fmessage-length=0 -MT"src/main.o" -mcpu=cortex-a9 -mfpu=vfpv3 -mfloat-abi=hard -IC:/Xilinx/EOS/Project_flappy_screem/Vitis/NeopixelV10/export/NeopixelV10/sw/NeopixelV10/freertos10_xilinx_ps7_cortexa9_0/bspinclude/include -MMD -MP -MF"src/main.d" -MT"src/main.o" -o "src/main.o" "../src/main.c"
../src/main.c: In function 'void prvLedMatrixTask(void*)':
../src/main.c:112:19: warning: unused variable 'x1second' [-Wunused-variable]
  112 |  const TickType_t x1second = pdMS_TO_TICKS( DELAY_1_SECOND );
      |                   ^~~~~~~~
../src/main.c:149:10: warning: unused variable 'RecInt' [-Wunused-variable]
  149 |  uint8_t RecInt = 0;
      |          ^~~~~~
../src/main.c: In function 'void vTimerCallback(TimerHandle_t)':
../src/main.c:223:10: warning: unused variable 'tmp' [-Wunused-variable]
  223 |  uint8_t tmp = 1;
      |          ^~~
'Finished building: ../src/main.c'
' '
'Building target: Led_matrix_V10_cpp.elf'
'Invoking: ARM v7 g++ linker'
arm-none-eabi-g++ -mcpu=cortex-a9 -mfpu=vfpv3 -mfloat-abi=hard -Wl,-build-id=none -specs=Xilinx.spec -Wl,-T -Wl,../src/lscript.ld -LC:/Xilinx/EOS/Project_flappy_screem/Vitis/NeopixelV10/export/NeopixelV10/sw/NeopixelV10/freertos10_xilinx_ps7_cortexa9_0/bsplib/lib -o "Led_matrix_V10_cpp.elf"  ./src/main.o ./src/matrix.o   -Wl,--start-group,-lxil,-lfreertos,-lgcc,-lc,-lstdc++,--end-group
'Finished building target: Led_matrix_V10_cpp.elf'
' '
'Invoking: ARM v7 Print Size'
arm-none-eabi-size Led_matrix_V10_cpp.elf  |tee "Led_matrix_V10_cpp.elf.size"
   text	   data	    bss	    dec	    hex	filename
 172362	   3352	  88796	 264510	  4093e	Led_matrix_V10_cpp.elf
'Finished building: Led_matrix_V10_cpp.elf.size'
' '

15:54:30 Build Finished (took 1s.139ms)

