16:46:33 **** Incremental Build of configuration Debug for project Led_matrix_V10 ****
make all 
make --no-print-directory pre-build
a9-linaro-pre-build-step
' '
make --no-print-directory main-build
'Building file: ../src/freertos_hello_world.c'
'Invoking: ARM v7 gcc compiler'
arm-none-eabi-gcc -Wall -O0 -g3 -c -fmessage-length=0 -MT"src/freertos_hello_world.o" -mcpu=cortex-a9 -mfpu=vfpv3 -mfloat-abi=hard -IC:/Xilinx/EOS/Project_flappy_screem/Vitis/NeoPixelV10/export/NeoPixelV10/sw/NeoPixelV10/freertos10_xilinx_domain/bspinclude/include -MMD -MP -MF"src/freertos_hello_world.d" -MT"src/freertos_hello_world.o" -o "src/freertos_hello_world.o" "../src/freertos_hello_world.c"
../src/freertos_hello_world.c: In function 'prvLedMatrixTask':
../src/freertos_hello_world.c:155:17: warning: passing argument 1 of 'writeFrame' from incompatible pointer type [-Wincompatible-pointer-types]
  155 |      writeFrame(frame2, &bufnum);
      |                 ^~~~~~
      |                 |
      |                 unsigned int (*)[8]
In file included from ../src/freertos_hello_world.c:23:
../src/matrix.h:31:37: note: expected 'const unsigned int * (*)[8]' but argument is of type 'unsigned int (*)[8]'
   31 | void writeFrame(const unsigned int *frame[row][col], unsigned char *bufnum);
      |                 ~~~~~~~~~~~~~~~~~~~~^~~~~~~~~~~~~~~
../src/freertos_hello_world.c:155:25: warning: passing argument 2 of 'writeFrame' from incompatible pointer type [-Wincompatible-pointer-types]
  155 |      writeFrame(frame2, &bufnum);
      |                         ^~~~~~~
      |                         |
      |                         unsigned int *
In file included from ../src/freertos_hello_world.c:23:
../src/matrix.h:31:69: note: expected 'unsigned char *' but argument is of type 'unsigned int *'
   31 | void writeFrame(const unsigned int *frame[row][col], unsigned char *bufnum);
      |                                                      ~~~~~~~~~~~~~~~^~~~~~
../src/freertos_hello_world.c:159:17: warning: passing argument 1 of 'writeFrame' from incompatible pointer type [-Wincompatible-pointer-types]
  159 |      writeFrame(frame3, &bufnum);
      |                 ^~~~~~
      |                 |
      |                 unsigned int (*)[8]
In file included from ../src/freertos_hello_world.c:23:
../src/matrix.h:31:37: note: expected 'const unsigned int * (*)[8]' but argument is of type 'unsigned int (*)[8]'
   31 | void writeFrame(const unsigned int *frame[row][col], unsigned char *bufnum);
      |                 ~~~~~~~~~~~~~~~~~~~~^~~~~~~~~~~~~~~
../src/freertos_hello_world.c:159:25: warning: passing argument 2 of 'writeFrame' from incompatible pointer type [-Wincompatible-pointer-types]
  159 |      writeFrame(frame3, &bufnum);
      |                         ^~~~~~~
      |                         |
      |                         unsigned int *
In file included from ../src/freertos_hello_world.c:23:
../src/matrix.h:31:69: note: expected 'unsigned char *' but argument is of type 'unsigned int *'
   31 | void writeFrame(const unsigned int *frame[row][col], unsigned char *bufnum);
      |                                                      ~~~~~~~~~~~~~~~^~~~~~
../src/freertos_hello_world.c:163:17: warning: passing argument 1 of 'writeFrame' from incompatible pointer type [-Wincompatible-pointer-types]
  163 |      writeFrame(frame1, &bufnum);
      |                 ^~~~~~
      |                 |
      |                 unsigned int (*)[8]
In file included from ../src/freertos_hello_world.c:23:
../src/matrix.h:31:37: note: expected 'const unsigned int * (*)[8]' but argument is of type 'unsigned int (*)[8]'
   31 | void writeFrame(const unsigned int *frame[row][col], unsigned char *bufnum);
      |                 ~~~~~~~~~~~~~~~~~~~~^~~~~~~~~~~~~~~
../src/freertos_hello_world.c:163:25: warning: passing argument 2 of 'writeFrame' from incompatible pointer type [-Wincompatible-pointer-types]
  163 |      writeFrame(frame1, &bufnum);
      |                         ^~~~~~~
      |                         |
      |                         unsigned int *
In file included from ../src/freertos_hello_world.c:23:
../src/matrix.h:31:69: note: expected 'unsigned char *' but argument is of type 'unsigned int *'
   31 | void writeFrame(const unsigned int *frame[row][col], unsigned char *bufnum);
      |                                                      ~~~~~~~~~~~~~~~^~~~~~
'Finished building: ../src/freertos_hello_world.c'
' '
'Building target: Led_matrix_V10.elf'
'Invoking: ARM v7 gcc linker'
arm-none-eabi-gcc -mcpu=cortex-a9 -mfpu=vfpv3 -mfloat-abi=hard -Wl,-build-id=none -specs=Xilinx.spec -Wl,-T -Wl,../src/lscript.ld -LC:/Xilinx/EOS/Project_flappy_screem/Vitis/NeoPixelV10/export/NeoPixelV10/sw/NeoPixelV10/freertos10_xilinx_domain/bsplib/lib -o "Led_matrix_V10.elf"  ./src/freertos_hello_world.o ./src/matrix.o   -Wl,--start-group,-lxil,-lfreertos,-lgcc,-lc,--end-group
'Finished building target: Led_matrix_V10.elf'
' '
'Invoking: ARM v7 Print Size'
arm-none-eabi-size Led_matrix_V10.elf  |tee "Led_matrix_V10.elf.size"
   text	   data	    bss	    dec	    hex	filename
  83270	   3340	  88736	 175346	  2acf2	Led_matrix_V10.elf
'Finished building: Led_matrix_V10.elf.size'
' '

16:46:34 Build Finished (took 948ms)

