12:08:22 **** Incremental Build of configuration Debug for project Led_Matrix_V6 ****
make all 
make --no-print-directory pre-build
a9-linaro-pre-build-step
' '
make --no-print-directory main-build
'Building file: ../src/helloworld.c'
'Invoking: ARM v7 gcc compiler'
arm-none-eabi-gcc -Wall -O0 -g3 -c -fmessage-length=0 -MT"src/helloworld.o" -mcpu=cortex-a9 -mfpu=vfpv3 -mfloat-abi=hard -IC:/Xilinx/EOS/Project_flappy_screem/Vitis/NeopixelV6/export/NeopixelV6/sw/NeopixelV6/standalone_ps7_cortexa9_0/bspinclude/include -MMD -MP -MF"src/helloworld.d" -MT"src/helloworld.o" -o "src/helloworld.o" "../src/helloworld.c"
../src/helloworld.c: In function 'main':
../src/helloworld.c:86:6: warning: implicit declaration of function 'sleep_A9' [-Wimplicit-function-declaration]
   86 |      sleep_A9(1);
      |      ^~~~~~~~
../src/helloworld.c:87:19: warning: format '%d' expects argument of type 'int', but argument 3 has type 'u32' {aka 'long unsigned int'} [-Wformat=]
   87 |      printf("%d\t%d\n", tmp, NEOPIXELDRIVER_mReadReg(NeoPixel_BASEADR, NeoPixel_reg1));
      |                  ~^
      |                   |
      |                   int
      |                  %ld
../src/helloworld.c:88:19: warning: format '%d' expects argument of type 'int', but argument 3 has type 'u32' {aka 'long unsigned int'} [-Wformat=]
   88 |      printf("%d\t%d\n", tmp2, NEOPIXELDRIVER_mReadReg(NeoPixel_BASEADR, NeoPixel_reg2));
      |                  ~^
      |                   |
      |                   int
      |                  %ld
../src/helloworld.c:66:9: warning: unused variable 'Status' [-Wunused-variable]
   66 |     int Status;
      |         ^~~~~~
'Finished building: ../src/helloworld.c'
' '
'Building target: Led_Matrix_V6.elf'
'Invoking: ARM v7 gcc linker'
arm-none-eabi-gcc -mcpu=cortex-a9 -mfpu=vfpv3 -mfloat-abi=hard -Wl,-build-id=none -specs=Xilinx.spec -Wl,-T -Wl,../src/lscript.ld -LC:/Xilinx/EOS/Project_flappy_screem/Vitis/NeopixelV6/export/NeopixelV6/sw/NeopixelV6/standalone_ps7_cortexa9_0/bsplib/lib -o "Led_Matrix_V6.elf"  ./src/helloworld.o ./src/platform.o   -Wl,--start-group,-lxil,-lgcc,-lc,--end-group
'Finished building target: Led_Matrix_V6.elf'
' '
'Invoking: ARM v7 Print Size'
arm-none-eabi-size Led_Matrix_V6.elf  |tee "Led_Matrix_V6.elf.size"
   text	   data	    bss	    dec	    hex	filename
  50999	   2548	  22704	  76251	  129db	Led_Matrix_V6.elf
'Finished building: Led_Matrix_V6.elf.size'
' '

12:08:23 Build Finished (took 892ms)

